// Vitest Snapshot v1, https://vitest.dev/guide/snapshot.html

exports[`PREVIEW_BUFFER > matches the locked snapshot 1`] = `
"[34m~/orca[0m [35mmain[0m [33m*[0m $ npm test
 [42m[30m PASS [0m src/preview.test.ts
 [32m✓[0m renders sample output [2m(3ms)[0m
 [31m✗ ligatures: => != >= <= ===[0m

[33mdef[0m [36mtotal[0m(xs: list[[36mint[0m]) -> [36mint[0m:
    [3m[32m"""Sum the values."""[0m
    [33mreturn[0m [36msum[0m(x [33mfor[0m x [33min[0m xs)

[34m~/orca[0m [35mmain[0m [33m*[0m $ git diff
[36m@@ -1,2 +1,3 @@[0m
[31m-const size = 13[0m
[32m+const size = 14[0m

[34m~/orca[0m [35mmain[0m [33m*[0m $ "
`;
